[phonelink] D-Bus: org.kde.kdeconnect.device.conversations.markConversationAsRead @ /modules/kdeconnect/devices/3e3d3eeb165a4d24bf7d1b6a18334099: GDBus.Error:org.freedesktop.DBus.Error.UnknownMethod: No such method 'markConversationAsRead' in interface 'org.kde.kdeconnect.device.conversations' at object path '/modules/kdeconnect/devices/3e3d3eeb165a4d24bf7d1b6a18334099' (signature 'x')
[phonelink] D-Bus: org.kde.kdeconnect.daemon.devices @ /modules/kdeconnect: Timeout was reached
[phonelink] D-Bus: org.kde.kdeconnect.daemon.devices @ /modules/kdeconnect: Timeout was reached
[phonelink] D-Bus: org.kde.kdeconnect.daemon.devices @ /modules/kdeconnect: Timeout was reached
[phonelink] D-Bus: org.kde.kdeconnect.daemon.devices @ /modules/kdeconnect: Timeout was reached
[phonelink] D-Bus: org.freedesktop.DBus.Properties.Get @ /modules/kdeconnect/devices/3e3d3eeb165a4d24bf7d1b6a18334099/battery: GDBus.Error:org.freedesktop.DBus.Error.UnknownObject: No such object path '/modules/kdeconnect/devices/3e3d3eeb165a4d24bf7d1b6a18334099/battery'
[phonelink] D-Bus: org.freedesktop.DBus.Properties.Get @ /modules/kdeconnect/devices/3e3d3eeb165a4d24bf7d1b6a18334099/battery: GDBus.Error:org.freedesktop.DBus.Error.UnknownObject: No such object path '/modules/kdeconnect/devices/3e3d3eeb165a4d24bf7d1b6a18334099/battery'
[phonelink] D-Bus: org.freedesktop.DBus.Properties.Get @ /modules/kdeconnect/devices/3e3d3eeb165a4d24bf7d1b6a18334099/battery: GDBus.Error:org.freedesktop.DBus.Error.UnknownObject: No such object path '/modules/kdeconnect/devices/3e3d3eeb165a4d24bf7d1b6a18334099/battery'
[phonelink] D-Bus: org.freedesktop.DBus.Properties.Get @ /modules/kdeconnect/devices/3e3d3eeb165a4d24bf7d1b6a18334099/battery: GDBus.Error:org.freedesktop.DBus.Error.UnknownObject: No such object path '/modules/kdeconnect/devices/3e3d3eeb165a4d24bf7d1b6a18334099/battery'
[phonelink] D-Bus: org.freedesktop.DBus.Properties.Get @ /modules/kdeconnect/devices/3e3d3eeb165a4d24bf7d1b6a18334099/battery: GDBus.Error:org.freedesktop.DBus.Error.UnknownObject: No such object path '/modules/kdeconnect/devices/3e3d3eeb165a4d24bf7d1b6a18334099/battery'
[phonelink] D-Bus: org.freedesktop.DBus.Properties.Get @ /modules/kdeconnect/devices/3e3d3eeb165a4d24bf7d1b6a18334099/battery: GDBus.Error:org.freedesktop.DBus.Error.UnknownObject: No such object path '/modules/kdeconnect/devices/3e3d3eeb165a4d24bf7d1b6a18334099/battery'
[phonelink] D-Bus: org.freedesktop.DBus.Properties.Get @ /modules/kdeconnect/devices/3e3d3eeb165a4d24bf7d1b6a18334099/battery: GDBus.Error:org.freedesktop.DBus.Error.UnknownObject: No such object path '/modules/kdeconnect/devices/3e3d3eeb165a4d24bf7d1b6a18334099/battery'
[phonelink] D-Bus: org.freedesktop.DBus.Properties.Get @ /modules/kdeconnect/devices/3e3d3eeb165a4d24bf7d1b6a18334099/battery: GDBus.Error:org.freedesktop.DBus.Error.UnknownObject: No such object path '/modules/kdeconnect/devices/3e3d3eeb165a4d24bf7d1b6a18334099/battery'
[phonelink] D-Bus: org.freedesktop.DBus.Properties.Get @ /modules/kdeconnect/devices/3e3d3eeb165a4d24bf7d1b6a18334099/battery: GDBus.Error:org.freedesktop.DBus.Error.UnknownObject: No such object path '/modules/kdeconnect/devices/3e3d3eeb165a4d24bf7d1b6a18334099/battery'
[phonelink] D-Bus: org.freedesktop.DBus.Properties.Get @ /modules/kdeconnect/devices/3e3d3eeb165a4d24bf7d1b6a18334099/battery: GDBus.Error:org.freedesktop.DBus.Error.UnknownObject: No such object path '/modules/kdeconnect/devices/3e3d3eeb165a4d24bf7d1b6a18334099/battery'
[phonelink] D-Bus: org.freedesktop.DBus.Properties.Get @ /modules/kdeconnect/devices/3e3d3eeb165a4d24bf7d1b6a18334099/battery: GDBus.Error:org.freedesktop.DBus.Error.UnknownObject: No such object path '/modules/kdeconnect/devices/3e3d3eeb165a4d24bf7d1b6a18334099/battery'
[phonelink] D-Bus: org.freedesktop.DBus.Properties.Get @ /modules/kdeconnect/devices/3e3d3eeb165a4d24bf7d1b6a18334099/battery: GDBus.Error:org.freedesktop.DBus.Error.UnknownObject: No such object path '/modules/kdeconnect/devices/3e3d3eeb165a4d24bf7d1b6a18334099/battery'
[phonelink] D-Bus: org.freedesktop.DBus.Properties.Get @ /modules/kdeconnect/devices/3e3d3eeb165a4d24bf7d1b6a18334099/battery: GDBus.Error:org.freedesktop.DBus.Error.UnknownObject: No such object path '/modules/kdeconnect/devices/3e3d3eeb165a4d24bf7d1b6a18334099/battery'
[phonelink] D-Bus: org.freedesktop.DBus.Properties.Get @ /modules/kdeconnect/devices/3e3d3eeb165a4d24bf7d1b6a18334099/battery: GDBus.Error:org.freedesktop.DBus.Error.UnknownObject: No such object path '/modules/kdeconnect/devices/3e3d3eeb165a4d24bf7d1b6a18334099/battery'
[phonelink] D-Bus: org.freedesktop.DBus.Properties.Get @ /modules/kdeconnect/devices/3e3d3eeb165a4d24bf7d1b6a18334099/battery: GDBus.Error:org.freedesktop.DBus.Error.UnknownObject: No such object path '/modules/kdeconnect/devices/3e3d3eeb165a4d24bf7d1b6a18334099/battery'
[phonelink] D-Bus: org.freedesktop.DBus.Properties.Get @ /modules/kdeconnect/devices/3e3d3eeb165a4d24bf7d1b6a18334099/battery: GDBus.Error:org.freedesktop.DBus.Error.UnknownObject: No such object path '/modules/kdeconnect/devices/3e3d3eeb165a4d24bf7d1b6a18334099/battery'
[phonelink] D-Bus: org.freedesktop.DBus.Properties.Get @ /modules/kdeconnect/devices/3e3d3eeb165a4d24bf7d1b6a18334099/battery: GDBus.Error:org.freedesktop.DBus.Error.UnknownObject: No such object path '/modules/kdeconnect/devices/3e3d3eeb165a4d24bf7d1b6a18334099/battery'
[phonelink] D-Bus: org.freedesktop.DBus.Properties.Get @ /modules/kdeconnect/devices/3e3d3eeb165a4d24bf7d1b6a18334099/battery: GDBus.Error:org.freedesktop.DBus.Error.UnknownObject: No such object path '/modules/kdeconnect/devices/3e3d3eeb165a4d24bf7d1b6a18334099/battery'
[phonelink] D-Bus: org.freedesktop.DBus.Properties.Get @ /modules/kdeconnect/devices/3e3d3eeb165a4d24bf7d1b6a18334099/battery: GDBus.Error:org.freedesktop.DBus.Error.UnknownObject: No such object path '/modules/kdeconnect/devices/3e3d3eeb165a4d24bf7d1b6a18334099/battery'
[phonelink] D-Bus: org.freedesktop.DBus.Properties.Get @ /modules/kdeconnect/devices/3e3d3eeb165a4d24bf7d1b6a18334099/battery: GDBus.Error:org.freedesktop.DBus.Error.UnknownObject: No such object path '/modules/kdeconnect/devices/3e3d3eeb165a4d24bf7d1b6a18334099/battery'
[phonelink] D-Bus: org.freedesktop.DBus.Properties.Get @ /modules/kdeconnect/devices/3e3d3eeb165a4d24bf7d1b6a18334099/battery: GDBus.Error:org.freedesktop.DBus.Error.UnknownObject: No such object path '/modules/kdeconnect/devices/3e3d3eeb165a4d24bf7d1b6a18334099/battery'
[phonelink] D-Bus: org.freedesktop.DBus.Properties.Get @ /modules/kdeconnect/devices/3e3d3eeb165a4d24bf7d1b6a18334099/battery: GDBus.Error:org.freedesktop.DBus.Error.UnknownObject: No such object path '/modules/kdeconnect/devices/3e3d3eeb165a4d24bf7d1b6a18334099/battery'
[phonelink] D-Bus: org.freedesktop.DBus.Properties.Get @ /modules/kdeconnect/devices/3e3d3eeb165a4d24bf7d1b6a18334099/battery: GDBus.Error:org.freedesktop.DBus.Error.UnknownObject: No such object path '/modules/kdeconnect/devices/3e3d3eeb165a4d24bf7d1b6a18334099/battery'
[phonelink] D-Bus: org.freedesktop.DBus.Properties.Get @ /modules/kdeconnect/devices/3e3d3eeb165a4d24bf7d1b6a18334099/battery: GDBus.Error:org.freedesktop.DBus.Error.UnknownObject: No such object path '/modules/kdeconnect/devices/3e3d3eeb165a4d24bf7d1b6a18334099/battery'
[phonelink] D-Bus: org.freedesktop.DBus.Properties.Get @ /modules/kdeconnect/devices/3e3d3eeb165a4d24bf7d1b6a18334099/battery: GDBus.Error:org.freedesktop.DBus.Error.UnknownObject: No such object path '/modules/kdeconnect/devices/3e3d3eeb165a4d24bf7d1b6a18334099/battery'
[phonelink] D-Bus: org.freedesktop.DBus.Properties.Get @ /modules/kdeconnect/devices/3e3d3eeb165a4d24bf7d1b6a18334099/battery: GDBus.Error:org.freedesktop.DBus.Error.UnknownObject: No such object path '/modules/kdeconnect/devices/3e3d3eeb165a4d24bf7d1b6a18334099/battery'
[phonelink] D-Bus: org.freedesktop.DBus.Properties.Get @ /modules/kdeconnect/devices/3e3d3eeb165a4d24bf7d1b6a18334099/battery: GDBus.Error:org.freedesktop.DBus.Error.UnknownObject: No such object path '/modules/kdeconnect/devices/3e3d3eeb165a4d24bf7d1b6a18334099/battery'
[phonelink] D-Bus: org.freedesktop.DBus.Properties.Get @ /modules/kdeconnect/devices/3e3d3eeb165a4d24bf7d1b6a18334099/battery: GDBus.Error:org.freedesktop.DBus.Error.UnknownObject: No such object path '/modules/kdeconnect/devices/3e3d3eeb165a4d24bf7d1b6a18334099/battery'
[phonelink] D-Bus: org.freedesktop.DBus.Properties.Get @ /modules/kdeconnect/devices/3e3d3eeb165a4d24bf7d1b6a18334099/battery: GDBus.Error:org.freedesktop.DBus.Error.UnknownObject: No such object path '/modules/kdeconnect/devices/3e3d3eeb165a4d24bf7d1b6a18334099/battery'
[phonelink] D-Bus: org.freedesktop.DBus.Properties.Get @ /modules/kdeconnect/devices/3e3d3eeb165a4d24bf7d1b6a18334099/battery: GDBus.Error:org.freedesktop.DBus.Error.UnknownObject: No such object path '/modules/kdeconnect/devices/3e3d3eeb165a4d24bf7d1b6a18334099/battery'
[phonelink] D-Bus: org.freedesktop.DBus.Properties.Get @ /modules/kdeconnect/devices/3e3d3eeb165a4d24bf7d1b6a18334099/battery: GDBus.Error:org.freedesktop.DBus.Error.UnknownObject: No such object path '/modules/kdeconnect/devices/3e3d3eeb165a4d24bf7d1b6a18334099/battery'
[phonelink] D-Bus: org.freedesktop.DBus.Properties.Get @ /modules/kdeconnect/devices/3e3d3eeb165a4d24bf7d1b6a18334099/battery: GDBus.Error:org.freedesktop.DBus.Error.UnknownObject: No such object path '/modules/kdeconnect/devices/3e3d3eeb165a4d24bf7d1b6a18334099/battery'
[phonelink] D-Bus: org.freedesktop.DBus.Properties.Get @ /modules/kdeconnect/devices/3e3d3eeb165a4d24bf7d1b6a18334099/battery: GDBus.Error:org.freedesktop.DBus.Error.UnknownObject: No such object path '/modules/kdeconnect/devices/3e3d3eeb165a4d24bf7d1b6a18334099/battery'
[phonelink] D-Bus: org.freedesktop.DBus.Properties.Get @ /modules/kdeconnect/devices/3e3d3eeb165a4d24bf7d1b6a18334099/battery: GDBus.Error:org.freedesktop.DBus.Error.UnknownObject: No such object path '/modules/kdeconnect/devices/3e3d3eeb165a4d24bf7d1b6a18334099/battery'
[phonelink] D-Bus: org.freedesktop.DBus.Properties.Get @ /modules/kdeconnect/devices/3e3d3eeb165a4d24bf7d1b6a18334099/battery: GDBus.Error:org.freedesktop.DBus.Error.UnknownObject: No such object path '/modules/kdeconnect/devices/3e3d3eeb165a4d24bf7d1b6a18334099/battery'
[phonelink] D-Bus: org.freedesktop.DBus.Properties.Get @ /modules/kdeconnect/devices/3e3d3eeb165a4d24bf7d1b6a18334099/battery: GDBus.Error:org.freedesktop.DBus.Error.UnknownObject: No such object path '/modules/kdeconnect/devices/3e3d3eeb165a4d24bf7d1b6a18334099/battery'
[phonelink] D-Bus: org.freedesktop.DBus.Properties.Get @ /modules/kdeconnect/devices/3e3d3eeb165a4d24bf7d1b6a18334099/battery: GDBus.Error:org.freedesktop.DBus.Error.UnknownObject: No such object path '/modules/kdeconnect/devices/3e3d3eeb165a4d24bf7d1b6a18334099/battery'
[phonelink] D-Bus: org.freedesktop.DBus.Properties.Get @ /modules/kdeconnect/devices/3e3d3eeb165a4d24bf7d1b6a18334099/battery: GDBus.Error:org.freedesktop.DBus.Error.UnknownObject: No such object path '/modules/kdeconnect/devices/3e3d3eeb165a4d24bf7d1b6a18334099/battery'
[phonelink] D-Bus: org.freedesktop.DBus.Properties.Get @ /modules/kdeconnect/devices/3e3d3eeb165a4d24bf7d1b6a18334099/battery: GDBus.Error:org.freedesktop.DBus.Error.UnknownObject: No such object path '/modules/kdeconnect/devices/3e3d3eeb165a4d24bf7d1b6a18334099/battery'
[phonelink] D-Bus: org.freedesktop.DBus.Properties.Get @ /modules/kdeconnect/devices/3e3d3eeb165a4d24bf7d1b6a18334099/battery: GDBus.Error:org.freedesktop.DBus.Error.UnknownObject: No such object path '/modules/kdeconnect/devices/3e3d3eeb165a4d24bf7d1b6a18334099/battery'
[phonelink] D-Bus: org.freedesktop.DBus.Properties.Get @ /modules/kdeconnect/devices/3e3d3eeb165a4d24bf7d1b6a18334099/battery: GDBus.Error:org.freedesktop.DBus.Error.UnknownObject: No such object path '/modules/kdeconnect/devices/3e3d3eeb165a4d24bf7d1b6a18334099/battery'
[phonelink] D-Bus: org.freedesktop.DBus.Properties.Get @ /modules/kdeconnect/devices/3e3d3eeb165a4d24bf7d1b6a18334099/battery: GDBus.Error:org.freedesktop.DBus.Error.UnknownObject: No such object path '/modules/kdeconnect/devices/3e3d3eeb165a4d24bf7d1b6a18334099/battery'
[phonelink] D-Bus: org.freedesktop.DBus.Properties.Get @ /modules/kdeconnect/devices/3e3d3eeb165a4d24bf7d1b6a18334099/battery: GDBus.Error:org.freedesktop.DBus.Error.UnknownObject: No such object path '/modules/kdeconnect/devices/3e3d3eeb165a4d24bf7d1b6a18334099/battery'
[phonelink] D-Bus: org.freedesktop.DBus.Properties.Get @ /modules/kdeconnect/devices/3e3d3eeb165a4d24bf7d1b6a18334099/battery: GDBus.Error:org.freedesktop.DBus.Error.UnknownObject: No such object path '/modules/kdeconnect/devices/3e3d3eeb165a4d24bf7d1b6a18334099/battery'
[phonelink] D-Bus: org.freedesktop.DBus.Properties.Get @ /modules/kdeconnect/devices/3e3d3eeb165a4d24bf7d1b6a18334099/battery: GDBus.Error:org.freedesktop.DBus.Error.UnknownObject: No such object path '/modules/kdeconnect/devices/3e3d3eeb165a4d24bf7d1b6a18334099/battery'
[phonelink] D-Bus: org.freedesktop.DBus.Properties.Get @ /modules/kdeconnect/devices/3e3d3eeb165a4d24bf7d1b6a18334099/battery: GDBus.Error:org.freedesktop.DBus.Error.UnknownObject: No such object path '/modules/kdeconnect/devices/3e3d3eeb165a4d24bf7d1b6a18334099/battery'
[phonelink] D-Bus: org.freedesktop.DBus.Properties.Get @ /modules/kdeconnect/devices/3e3d3eeb165a4d24bf7d1b6a18334099/battery: GDBus.Error:org.freedesktop.DBus.Error.UnknownObject: No such object path '/modules/kdeconnect/devices/3e3d3eeb165a4d24bf7d1b6a18334099/battery'
[phonelink] D-Bus: org.freedesktop.DBus.Properties.Get @ /modules/kdeconnect/devices/3e3d3eeb165a4d24bf7d1b6a18334099/battery: GDBus.Error:org.freedesktop.DBus.Error.UnknownObject: No such object path '/modules/kdeconnect/devices/3e3d3eeb165a4d24bf7d1b6a18334099/battery'
[phonelink] D-Bus: org.freedesktop.DBus.Properties.Get @ /modules/kdeconnect/devices/3e3d3eeb165a4d24bf7d1b6a18334099/battery: GDBus.Error:org.freedesktop.DBus.Error.UnknownObject: No such object path '/modules/kdeconnect/devices/3e3d3eeb165a4d24bf7d1b6a18334099/battery'
[phonelink] D-Bus: org.freedesktop.DBus.Properties.Get @ /modules/kdeconnect/devices/3e3d3eeb165a4d24bf7d1b6a18334099/battery: GDBus.Error:org.freedesktop.DBus.Error.UnknownObject: No such object path '/modules/kdeconnect/devices/3e3d3eeb165a4d24bf7d1b6a18334099/battery'
[phonelink] D-Bus: org.freedesktop.DBus.Properties.Get @ /modules/kdeconnect/devices/3e3d3eeb165a4d24bf7d1b6a18334099/battery: GDBus.Error:org.freedesktop.DBus.Error.UnknownObject: No such object path '/modules/kdeconnect/devices/3e3d3eeb165a4d24bf7d1b6a18334099/battery'
[phonelink] D-Bus: org.freedesktop.DBus.Properties.Get @ /modules/kdeconnect/devices/3e3d3eeb165a4d24bf7d1b6a18334099/battery: GDBus.Error:org.freedesktop.DBus.Error.UnknownObject: No such object path '/modules/kdeconnect/devices/3e3d3eeb165a4d24bf7d1b6a18334099/battery'
[phonelink] D-Bus: org.freedesktop.DBus.Properties.Get @ /modules/kdeconnect/devices/3e3d3eeb165a4d24bf7d1b6a18334099/battery: GDBus.Error:org.freedesktop.DBus.Error.UnknownObject: No such object path '/modules/kdeconnect/devices/3e3d3eeb165a4d24bf7d1b6a18334099/battery'
[phonelink] D-Bus: org.freedesktop.DBus.Properties.Get @ /modules/kdeconnect/devices/3e3d3eeb165a4d24bf7d1b6a18334099/battery: GDBus.Error:org.freedesktop.DBus.Error.UnknownObject: No such object path '/modules/kdeconnect/devices/3e3d3eeb165a4d24bf7d1b6a18334099/battery'
[phonelink] D-Bus: org.freedesktop.DBus.Properties.Get @ /modules/kdeconnect/devices/3e3d3eeb165a4d24bf7d1b6a18334099/battery: GDBus.Error:org.freedesktop.DBus.Error.UnknownObject: No such object path '/modules/kdeconnect/devices/3e3d3eeb165a4d24bf7d1b6a18334099/battery'
[phonelink] D-Bus: org.freedesktop.DBus.Properties.Get @ /modules/kdeconnect/devices/3e3d3eeb165a4d24bf7d1b6a18334099/battery: GDBus.Error:org.freedesktop.DBus.Error.UnknownObject: No such object path '/modules/kdeconnect/devices/3e3d3eeb165a4d24bf7d1b6a18334099/battery'
[phonelink] D-Bus: org.freedesktop.DBus.Properties.Get @ /modules/kdeconnect/devices/3e3d3eeb165a4d24bf7d1b6a18334099/battery: GDBus.Error:org.freedesktop.DBus.Error.UnknownObject: No such object path '/modules/kdeconnect/devices/3e3d3eeb165a4d24bf7d1b6a18334099/battery'
[phonelink] D-Bus: org.freedesktop.DBus.Properties.Get @ /modules/kdeconnect/devices/3e3d3eeb165a4d24bf7d1b6a18334099/battery: GDBus.Error:org.freedesktop.DBus.Error.UnknownObject: No such object path '/modules/kdeconnect/devices/3e3d3eeb165a4d24bf7d1b6a18334099/battery'
[phonelink] D-Bus: org.freedesktop.DBus.Properties.Get @ /modules/kdeconnect/devices/3e3d3eeb165a4d24bf7d1b6a18334099/battery: GDBus.Error:org.freedesktop.DBus.Error.UnknownObject: No such object path '/modules/kdeconnect/devices/3e3d3eeb165a4d24bf7d1b6a18334099/battery'
[phonelink] D-Bus: org.freedesktop.DBus.Properties.Get @ /modules/kdeconnect/devices/3e3d3eeb165a4d24bf7d1b6a18334099/battery: GDBus.Error:org.freedesktop.DBus.Error.UnknownObject: No such object path '/modules/kdeconnect/devices/3e3d3eeb165a4d24bf7d1b6a18334099/battery'
[phonelink] D-Bus: org.freedesktop.DBus.Properties.Get @ /modules/kdeconnect/devices/3e3d3eeb165a4d24bf7d1b6a18334099/battery: GDBus.Error:org.freedesktop.DBus.Error.UnknownObject: No such object path '/modules/kdeconnect/devices/3e3d3eeb165a4d24bf7d1b6a18334099/battery'
[phonelink] D-Bus: org.freedesktop.DBus.Properties.Get @ /modules/kdeconnect/devices/3e3d3eeb165a4d24bf7d1b6a18334099/battery: GDBus.Error:org.freedesktop.DBus.Error.UnknownObject: No such object path '/modules/kdeconnect/devices/3e3d3eeb165a4d24bf7d1b6a18334099/battery'
[phonelink] D-Bus: org.freedesktop.DBus.Properties.Get @ /modules/kdeconnect/devices/3e3d3eeb165a4d24bf7d1b6a18334099/battery: GDBus.Error:org.freedesktop.DBus.Error.UnknownObject: No such object path '/modules/kdeconnect/devices/3e3d3eeb165a4d24bf7d1b6a18334099/battery'
[phonelink] D-Bus: org.freedesktop.DBus.Properties.Get @ /modules/kdeconnect/devices/3e3d3eeb165a4d24bf7d1b6a18334099/battery: GDBus.Error:org.freedesktop.DBus.Error.UnknownObject: No such object path '/modules/kdeconnect/devices/3e3d3eeb165a4d24bf7d1b6a18334099/battery'
[phonelink] D-Bus: org.freedesktop.DBus.Properties.Get @ /modules/kdeconnect/devices/3e3d3eeb165a4d24bf7d1b6a18334099/battery: GDBus.Error:org.freedesktop.DBus.Error.UnknownObject: No such object path '/modules/kdeconnect/devices/3e3d3eeb165a4d24bf7d1b6a18334099/battery'
[phonelink] D-Bus: org.freedesktop.DBus.Properties.Get @ /modules/kdeconnect/devices/3e3d3eeb165a4d24bf7d1b6a18334099/battery: GDBus.Error:org.freedesktop.DBus.Error.UnknownObject: No such object path '/modules/kdeconnect/devices/3e3d3eeb165a4d24bf7d1b6a18334099/battery'
[phonelink] D-Bus: org.freedesktop.DBus.Properties.Get @ /modules/kdeconnect/devices/3e3d3eeb165a4d24bf7d1b6a18334099/battery: GDBus.Error:org.freedesktop.DBus.Error.UnknownObject: No such object path '/modules/kdeconnect/devices/3e3d3eeb165a4d24bf7d1b6a18334099/battery'
[phonelink] D-Bus: org.freedesktop.DBus.Properties.Get @ /modules/kdeconnect/devices/3e3d3eeb165a4d24bf7d1b6a18334099/battery: GDBus.Error:org.freedesktop.DBus.Error.UnknownObject: No such object path '/modules/kdeconnect/devices/3e3d3eeb165a4d24bf7d1b6a18334099/battery'
[phonelink] D-Bus: org.freedesktop.DBus.Properties.Get @ /modules/kdeconnect/devices/3e3d3eeb165a4d24bf7d1b6a18334099/battery: GDBus.Error:org.freedesktop.DBus.Error.UnknownObject: No such object path '/modules/kdeconnect/devices/3e3d3eeb165a4d24bf7d1b6a18334099/battery'
[phonelink] D-Bus: org.freedesktop.DBus.Properties.Get @ /modules/kdeconnect/devices/3e3d3eeb165a4d24bf7d1b6a18334099/battery: GDBus.Error:org.freedesktop.DBus.Error.UnknownObject: No such object path '/modules/kdeconnect/devices/3e3d3eeb165a4d24bf7d1b6a18334099/battery'
[phonelink] D-Bus: org.freedesktop.DBus.Properties.Get @ /modules/kdeconnect/devices/3e3d3eeb165a4d24bf7d1b6a18334099/battery: GDBus.Error:org.freedesktop.DBus.Error.UnknownObject: No such object path '/modules/kdeconnect/devices/3e3d3eeb165a4d24bf7d1b6a18334099/battery'
[phonelink] D-Bus: org.freedesktop.DBus.Properties.Get @ /modules/kdeconnect/devices/3e3d3eeb165a4d24bf7d1b6a18334099/battery: GDBus.Error:org.freedesktop.DBus.Error.UnknownObject: No such object path '/modules/kdeconnect/devices/3e3d3eeb165a4d24bf7d1b6a18334099/battery'
[phonelink] D-Bus: org.freedesktop.DBus.Properties.Get @ /modules/kdeconnect/devices/3e3d3eeb165a4d24bf7d1b6a18334099/battery: GDBus.Error:org.freedesktop.DBus.Error.UnknownObject: No such object path '/modules/kdeconnect/devices/3e3d3eeb165a4d24bf7d1b6a18334099/battery'
[phonelink] D-Bus: org.freedesktop.DBus.Properties.Get @ /modules/kdeconnect/devices/3e3d3eeb165a4d24bf7d1b6a18334099/battery: GDBus.Error:org.freedesktop.DBus.Error.UnknownObject: No such object path '/modules/kdeconnect/devices/3e3d3eeb165a4d24bf7d1b6a18334099/battery'
[phonelink] D-Bus: org.freedesktop.DBus.Properties.Get @ /modules/kdeconnect/devices/3e3d3eeb165a4d24bf7d1b6a18334099/battery: GDBus.Error:org.freedesktop.DBus.Error.UnknownObject: No such object path '/modules/kdeconnect/devices/3e3d3eeb165a4d24bf7d1b6a18334099/battery'
[phonelink] D-Bus: org.freedesktop.DBus.Properties.Get @ /modules/kdeconnect/devices/3e3d3eeb165a4d24bf7d1b6a18334099/battery: GDBus.Error:org.freedesktop.DBus.Error.UnknownObject: No such object path '/modules/kdeconnect/devices/3e3d3eeb165a4d24bf7d1b6a18334099/battery'
[phonelink] D-Bus: org.freedesktop.DBus.Properties.Get @ /modules/kdeconnect/devices/3e3d3eeb165a4d24bf7d1b6a18334099/battery: GDBus.Error:org.freedesktop.DBus.Error.UnknownObject: No such object path '/modules/kdeconnect/devices/3e3d3eeb165a4d24bf7d1b6a18334099/battery'
[phonelink] D-Bus: org.freedesktop.DBus.Properties.Get @ /modules/kdeconnect/devices/3e3d3eeb165a4d24bf7d1b6a18334099/battery: GDBus.Error:org.freedesktop.DBus.Error.UnknownObject: No such object path '/modules/kdeconnect/devices/3e3d3eeb165a4d24bf7d1b6a18334099/battery'
[phonelink] D-Bus: org.freedesktop.DBus.Properties.Get @ /modules/kdeconnect/devices/3e3d3eeb165a4d24bf7d1b6a18334099/battery: GDBus.Error:org.freedesktop.DBus.Error.UnknownObject: No such object path '/modules/kdeconnect/devices/3e3d3eeb165a4d24bf7d1b6a18334099/battery'
[phonelink] D-Bus: org.freedesktop.DBus.Properties.Get @ /modules/kdeconnect/devices/3e3d3eeb165a4d24bf7d1b6a18334099/battery: GDBus.Error:org.freedesktop.DBus.Error.UnknownObject: No such object path '/modules/kdeconnect/devices/3e3d3eeb165a4d24bf7d1b6a18334099/battery'
[phonelink] D-Bus: org.freedesktop.DBus.Properties.Get @ /modules/kdeconnect/devices/3e3d3eeb165a4d24bf7d1b6a18334099/battery: GDBus.Error:org.freedesktop.DBus.Error.UnknownObject: No such object path '/modules/kdeconnect/devices/3e3d3eeb165a4d24bf7d1b6a18334099/battery'
[phonelink] D-Bus: org.freedesktop.DBus.Properties.Get @ /modules/kdeconnect/devices/3e3d3eeb165a4d24bf7d1b6a18334099/battery: GDBus.Error:org.freedesktop.DBus.Error.UnknownObject: No such object path '/modules/kdeconnect/devices/3e3d3eeb165a4d24bf7d1b6a18334099/battery'
[phonelink] D-Bus: org.freedesktop.DBus.Properties.Get @ /modules/kdeconnect/devices/3e3d3eeb165a4d24bf7d1b6a18334099/battery: GDBus.Error:org.freedesktop.DBus.Error.UnknownObject: No such object path '/modules/kdeconnect/devices/3e3d3eeb165a4d24bf7d1b6a18334099/battery'
[phonelink] D-Bus: org.freedesktop.DBus.Properties.Get @ /modules/kdeconnect/devices/3e3d3eeb165a4d24bf7d1b6a18334099/battery: GDBus.Error:org.freedesktop.DBus.Error.UnknownObject: No such object path '/modules/kdeconnect/devices/3e3d3eeb165a4d24bf7d1b6a18334099/battery'
[phonelink] D-Bus: org.freedesktop.DBus.Properties.Get @ /modules/kdeconnect/devices/3e3d3eeb165a4d24bf7d1b6a18334099/battery: GDBus.Error:org.freedesktop.DBus.Error.UnknownObject: No such object path '/modules/kdeconnect/devices/3e3d3eeb165a4d24bf7d1b6a18334099/battery'
[phonelink] D-Bus: org.freedesktop.DBus.Properties.Get @ /modules/kdeconnect/devices/3e3d3eeb165a4d24bf7d1b6a18334099/battery: GDBus.Error:org.freedesktop.DBus.Error.UnknownObject: No such object path '/modules/kdeconnect/devices/3e3d3eeb165a4d24bf7d1b6a18334099/battery'
[phonelink] D-Bus: org.freedesktop.DBus.Properties.Get @ /modules/kdeconnect/devices/3e3d3eeb165a4d24bf7d1b6a18334099/battery: GDBus.Error:org.freedesktop.DBus.Error.UnknownObject: No such object path '/modules/kdeconnect/devices/3e3d3eeb165a4d24bf7d1b6a18334099/battery'
[phonelink] D-Bus: org.freedesktop.DBus.Properties.Get @ /modules/kdeconnect/devices/3e3d3eeb165a4d24bf7d1b6a18334099/battery: GDBus.Error:org.freedesktop.DBus.Error.UnknownObject: No such object path '/modules/kdeconnect/devices/3e3d3eeb165a4d24bf7d1b6a18334099/battery'
[phonelink] D-Bus: org.freedesktop.DBus.Properties.Get @ /modules/kdeconnect/devices/3e3d3eeb165a4d24bf7d1b6a18334099/battery: GDBus.Error:org.freedesktop.DBus.Error.UnknownObject: No such object path '/modules/kdeconnect/devices/3e3d3eeb165a4d24bf7d1b6a18334099/battery'
[phonelink] D-Bus: org.freedesktop.DBus.Properties.Get @ /modules/kdeconnect/devices/3e3d3eeb165a4d24bf7d1b6a18334099/battery: GDBus.Error:org.freedesktop.DBus.Error.UnknownObject: No such object path '/modules/kdeconnect/devices/3e3d3eeb165a4d24bf7d1b6a18334099/battery'
[phonelink] D-Bus: org.freedesktop.DBus.Properties.Get @ /modules/kdeconnect/devices/3e3d3eeb165a4d24bf7d1b6a18334099/battery: GDBus.Error:org.freedesktop.DBus.Error.UnknownObject: No such object path '/modules/kdeconnect/devices/3e3d3eeb165a4d24bf7d1b6a18334099/battery'
[phonelink] D-Bus: org.freedesktop.DBus.Properties.Get @ /modules/kdeconnect/devices/3e3d3eeb165a4d24bf7d1b6a18334099/battery: GDBus.Error:org.freedesktop.DBus.Error.UnknownObject: No such object path '/modules/kdeconnect/devices/3e3d3eeb165a4d24bf7d1b6a18334099/battery'
[phonelink] D-Bus: org.freedesktop.DBus.Properties.Get @ /modules/kdeconnect/devices/3e3d3eeb165a4d24bf7d1b6a18334099/battery: GDBus.Error:org.freedesktop.DBus.Error.UnknownObject: No such object path '/modules/kdeconnect/devices/3e3d3eeb165a4d24bf7d1b6a18334099/battery'
[phonelink] D-Bus: org.freedesktop.DBus.Properties.Get @ /modules/kdeconnect/devices/3e3d3eeb165a4d24bf7d1b6a18334099/battery: GDBus.Error:org.freedesktop.DBus.Error.UnknownObject: No such object path '/modules/kdeconnect/devices/3e3d3eeb165a4d24bf7d1b6a18334099/battery'
[phonelink] D-Bus: org.freedesktop.DBus.Properties.GetAll @ /modules/kdeconnect/devices/3e3d3eeb165a4d24bf7d1b6a18334099/notifications/16: GDBus.Error:org.freedesktop.DBus.Error.UnknownObject: No such object path '/modules/kdeconnect/devices/3e3d3eeb165a4d24bf7d1b6a18334099/notifications/16'
[phonelink] D-Bus: org.freedesktop.DBus.Properties.GetAll @ /modules/kdeconnect/devices/3e3d3eeb165a4d24bf7d1b6a18334099/notifications/16: GDBus.Error:org.freedesktop.DBus.Error.UnknownObject: No such object path '/modules/kdeconnect/devices/3e3d3eeb165a4d24bf7d1b6a18334099/notifications/16'
[phonelink] D-Bus: org.kde.kdeconnect.daemon.devices @ /modules/kdeconnect: Timeout was reached
[phonelink] D-Bus: org.kde.kdeconnect.daemon.devices @ /modules/kdeconnect: Timeout was reached
[phonelink] D-Bus: org.freedesktop.DBus.Properties.Get @ /modules/kdeconnect/devices/3e3d3eeb165a4d24bf7d1b6a18334099: Timeout was reached
[phonelink] D-Bus: org.freedesktop.DBus.Properties.Get @ /modules/kdeconnect/devices/3e3d3eeb165a4d24bf7d1b6a18334099: Timeout was reached
[phonelink] D-Bus: org.freedesktop.DBus.Properties.Get @ /modules/kdeconnect/devices/3e3d3eeb165a4d24bf7d1b6a18334099: Timeout was reached
[phonelink] D-Bus: org.freedesktop.DBus.Properties.Get @ /modules/kdeconnect/devices/3e3d3eeb165a4d24bf7d1b6a18334099: Timeout was reached
[phonelink] D-Bus: org.freedesktop.DBus.Properties.Get @ /modules/kdeconnect/devices/3e3d3eeb165a4d24bf7d1b6a18334099/battery: Timeout was reached
[phonelink] D-Bus: org.freedesktop.DBus.Properties.Get @ /modules/kdeconnect/devices/3e3d3eeb165a4d24bf7d1b6a18334099/battery: Timeout was reached
[phonelink] D-Bus: org.kde.kdeconnect.daemon.devices @ /modules/kdeconnect: Timeout was reached
[phonelink] D-Bus: org.kde.kdeconnect.daemon.devices @ /modules/kdeconnect: Timeout was reached
[phonelink] D-Bus: org.kde.kdeconnect.daemon.devices @ /modules/kdeconnect: Timeout was reached
[phonelink] D-Bus: org.kde.kdeconnect.daemon.devices @ /modules/kdeconnect: Timeout was reached
[phonelink] D-Bus: org.kde.kdeconnect.daemon.devices @ /modules/kdeconnect: Timeout was reached
[phonelink] D-Bus: org.kde.kdeconnect.daemon.devices @ /modules/kdeconnect: Timeout was reached
[phonelink] D-Bus: org.kde.kdeconnect.daemon.devices @ /modules/kdeconnect: Timeout was reached
[phonelink] D-Bus: org.kde.kdeconnect.daemon.devices @ /modules/kdeconnect: Timeout was reached
[phonelink] D-Bus: org.kde.kdeconnect.daemon.devices @ /modules/kdeconnect: Timeout was reached
[phonelink] D-Bus: org.kde.kdeconnect.daemon.devices @ /modules/kdeconnect: Timeout was reached
[phonelink] D-Bus: org.kde.kdeconnect.daemon.devices @ /modules/kdeconnect: Timeout was reached
[phonelink] D-Bus: org.kde.kdeconnect.daemon.devices @ /modules/kdeconnect: Timeout was reached
[phonelink] D-Bus: org.kde.kdeconnect.daemon.devices @ /modules/kdeconnect: Timeout was reached
[phonelink] D-Bus: org.kde.kdeconnect.daemon.devices @ /modules/kdeconnect: Timeout was reached
[phonelink] D-Bus: org.kde.kdeconnect.daemon.devices @ /modules/kdeconnect: Timeout was reached
[phonelink] D-Bus: org.kde.kdeconnect.daemon.devices @ /modules/kdeconnect: Timeout was reached
[phonelink] D-Bus: org.kde.kdeconnect.daemon.devices @ /modules/kdeconnect: Timeout was reached
[phonelink] D-Bus: org.kde.kdeconnect.daemon.devices @ /modules/kdeconnect: Timeout was reached
[phonelink] D-Bus: org.kde.kdeconnect.daemon.devices @ /modules/kdeconnect: Timeout was reached
[phonelink] D-Bus: org.kde.kdeconnect.daemon.devices @ /modules/kdeconnect: Timeout was reached
[phonelink] D-Bus: org.kde.kdeconnect.daemon.devices @ /modules/kdeconnect: Timeout was reached
[phonelink] D-Bus: org.kde.kdeconnect.daemon.devices @ /modules/kdeconnect: Timeout was reached
[phonelink] D-Bus: org.kde.kdeconnect.daemon.devices @ /modules/kdeconnect: Timeout was reached
[phonelink] D-Bus: org.kde.kdeconnect.daemon.devices @ /modules/kdeconnect: Timeout was reached
[phonelink] D-Bus: org.kde.kdeconnect.daemon.devices @ /modules/kdeconnect: Timeout was reached
[phonelink] D-Bus: org.kde.kdeconnect.daemon.devices @ /modules/kdeconnect: Timeout was reached
[phonelink] D-Bus: org.kde.kdeconnect.daemon.devices @ /modules/kdeconnect: Timeout was reached
[phonelink] D-Bus: org.kde.kdeconnect.daemon.devices @ /modules/kdeconnect: Timeout was reached
[phonelink] D-Bus: org.kde.kdeconnect.daemon.devices @ /modules/kdeconnect: Timeout was reached
[phonelink] D-Bus: org.kde.kdeconnect.daemon.devices @ /modules/kdeconnect: Timeout was reached
[phonelink] D-Bus: org.kde.kdeconnect.daemon.devices @ /modules/kdeconnect: Timeout was reached
[phonelink] D-Bus: org.kde.kdeconnect.daemon.devices @ /modules/kdeconnect: Timeout was reached
[phonelink] D-Bus: org.kde.kdeconnect.daemon.devices @ /modules/kdeconnect: Timeout was reached
[phonelink] D-Bus: org.freedesktop.DBus.Properties.Get @ /modules/kdeconnect/devices/3e3d3eeb165a4d24bf7d1b6a18334099: Timeout was reached
[phonelink] D-Bus: org.freedesktop.DBus.Properties.Get @ /modules/kdeconnect/devices/3e3d3eeb165a4d24bf7d1b6a18334099: Timeout was reached
[phonelink] D-Bus: org.freedesktop.DBus.Properties.Get @ /modules/kdeconnect/devices/3e3d3eeb165a4d24bf7d1b6a18334099: Timeout was reached
[phonelink] D-Bus: org.freedesktop.DBus.Properties.Get @ /modules/kdeconnect/devices/3e3d3eeb165a4d24bf7d1b6a18334099/battery: Timeout was reached
[phonelink] D-Bus: org.freedesktop.DBus.Properties.Get @ /modules/kdeconnect/devices/3e3d3eeb165a4d24bf7d1b6a18334099/battery: Timeout was reached
[phonelink] D-Bus: org.kde.kdeconnect.daemon.devices @ /modules/kdeconnect: Timeout was reached
[phonelink] D-Bus: org.kde.kdeconnect.daemon.devices @ /modules/kdeconnect: Timeout was reached
[phonelink] D-Bus: org.kde.kdeconnect.daemon.devices @ /modules/kdeconnect: Timeout was reached
[phonelink] D-Bus: org.kde.kdeconnect.daemon.devices @ /modules/kdeconnect: Timeout was reached
[phonelink] D-Bus: org.kde.kdeconnect.daemon.devices @ /modules/kdeconnect: Timeout was reached
[phonelink] D-Bus: org.kde.kdeconnect.daemon.devices @ /modules/kdeconnect: Timeout was reached
[phonelink] D-Bus: org.kde.kdeconnect.daemon.devices @ /modules/kdeconnect: Timeout was reached
[phonelink] D-Bus: org.kde.kdeconnect.daemon.devices @ /modules/kdeconnect: Timeout was reached
[phonelink] D-Bus: org.kde.kdeconnect.daemon.devices @ /modules/kdeconnect: Timeout was reached
[phonelink] D-Bus: org.kde.kdeconnect.daemon.devices @ /modules/kdeconnect: Timeout was reached
[phonelink] D-Bus: org.kde.kdeconnect.daemon.devices @ /modules/kdeconnect: Timeout was reached
[phonelink] D-Bus: org.kde.kdeconnect.daemon.devices @ /modules/kdeconnect: Timeout was reached
[phonelink] D-Bus: org.kde.kdeconnect.daemon.devices @ /modules/kdeconnect: Timeout was reached
[phonelink] D-Bus: org.kde.kdeconnect.daemon.devices @ /modules/kdeconnect: Timeout was reached
[phonelink] D-Bus: org.kde.kdeconnect.daemon.devices @ /modules/kdeconnect: Timeout was reached
[phonelink] D-Bus: org.kde.kdeconnect.daemon.devices @ /modules/kdeconnect: Timeout was reached
[phonelink] D-Bus: org.kde.kdeconnect.daemon.devices @ /modules/kdeconnect: Timeout was reached